// Vitest Snapshot v1

exports[`contem o component cast-img > deve conter uma div 1`] = `"<div class=\\"cast-links\\"><a class=\\"average-rgb--border\\" href=\\"https://www.imdb.com/name/nm0000093\\" target=\\"_blank\\">Ver no IMDB</a></div>"`;
