// Vitest Snapshot v1

exports[`deve ser um componente link > deve renderizar tag <a> 1`] = `"<a class=\\"test-link\\" href=\\"https://www.google.com\\" target=\\"_blank\\">test link</a>"`;
